:11: (dereference.of.nullable)
:18: (dereference.of.nullable)
